
==============================================================
    Jasper Verification Results
==============================================================
    2023.09 FCS 64 bits for Linux64 3.10.0-1160.21.1.el7.x86_64
    Host Name: DESKTOP-3GOERT7.
    User Name: lvzhengyang
    Printed on: Thursday, Jun 4, 2026 02:33:38 PM CST
    Working Directory: /home/lvzhengyang/workspace/BSD-Cov/designs/ibex/dv/bsdcov/bsdcovproj/cones/ibex_id_stage-ibex_top.u_ibex_core.id_stage_i/stall_mem-stall_multdiv-stall_branch-stall_jump-c815/cmp/cex


==============================================================
RESULTS
==============================================================

------------------------------------------------------------------------------------------------------------------------------------------
       Name                                                                              |    Result    |  Engine  |  Bound  |  Time    
------------------------------------------------------------------------------------------------------------------------------------------

---[ <embedded> ]-------------------------------------------------------------------------------------------------------------------------
[1]   bsdcov_miter_stall_mem_stall_multdiv_stall_branch_stall_jump_c815.a_bsd_equiv           cex             PRE           1    0.000 s      

==============================================================
DETAILED RESULTS
==============================================================

---[ <embedded> ]--------------------------------------------------------------
[1]
    Name       : bsdcov_miter_stall_mem_stall_multdiv_stall_branch_stall_jump_c815.a_bsd_equiv
    Expression : a_bsd_equiv
    Type       : assert
    Location   : /home/lvzhengyang/workspace/BSD-Cov/designs/ibex/dv/bsdcov/bsdcovproj/cones/ibex_id_stage-ibex_top.u_ibex_core.id_stage_i/stall_mem-stall_multdiv-stall_branch-stall_jump-c815/cmp/cex/stall_mem-stall_multdiv-stall_branch-stall_jump-c815.miter.sv, 169

    Result     : cex
    Bound      : 1
    Time       : 0.000 s
    Engine     : PRE


-------------------------------------------------------------------------------
