
==============================================================
    Jasper Verification Results
==============================================================
    2023.09 FCS 64 bits for Linux64 3.10.0-1160.21.1.el7.x86_64
    Host Name: DESKTOP-3GOERT7.
    User Name: lvzhengyang
    Printed on: Thursday, Jun 4, 2026 02:33:38 PM CST
    Working Directory: /home/lvzhengyang/workspace/BSD-Cov/designs/ibex/dv/bsdcov/bsdcovproj/cones/ibex_id_stage-ibex_top.u_ibex_core.id_stage_i/stall_mem-stall_multdiv-stall_branch-stall_jump-c815/cmp/cex


==============================================================
SUMMARY
==============================================================
    Total Tasks           : 1
    Total Properties      : 1
          assumptions     : 0                   
           - approved     : 0                   
           - temporary    : 0                   
          assertions      : 1                   
           - proven       : 0                   ( 0.0% )
           - marked_proven: 0                   ( 0.0% )
           - cex          : 1                   ( 100.0% )
           - ar_cex       : 0                   ( 0.0% )
           - undetermined : 0                   ( 0.0% )
           - unprocessed  : 0                   ( 0.0% )
           - error        : 0                   ( 0.0% )
          covers          : 0                   
           - unreachable  : 0                   
           - covered      : 0                   
           - ar_covered   : 0                   
           - undetermined : 0                   
           - unprocessed  : 0                   
           - error        : 0                   
